[INFO] Scanning for projects...
[INFO] 
[INFO] ----------------< com.inventorix:java-code-assignment >-----------------
[INFO] Building java-code-assignment 1.0.0-SNAPSHOT
[INFO]   from pom.xml
[INFO] --------------------------------[ jar ]---------------------------------
[INFO] 
[INFO] --- clean:3.2.0:clean (default-clean) @ java-code-assignment ---
[INFO] Deleting C:\Users\mural\Downloads\fcs-interview-code-assignment-main-20260217T090137Z-1-001\fcs-interview-code-assignment-main\java-assignment\target
[INFO] 
[INFO] --- jacoco:0.8.10:prepare-agent (default) @ java-code-assignment ---
[INFO] argLine set to -javaagent:C:\\Users\\mural\\.m2\\repository\\org\\jacoco\\org.jacoco.agent\\0.8.10\\org.jacoco.agent-0.8.10-runtime.jar=destfile=C:\\Users\\mural\\Downloads\\fcs-interview-code-assignment-main-20260217T090137Z-1-001\\fcs-interview-code-assignment-main\\java-assignment\\target\\jacoco.exec
[INFO] 
[INFO] --- resources:3.3.1:resources (default-resources) @ java-code-assignment ---
[INFO] Copying 4 resources from src\main\resources to target\classes
[INFO] 
[INFO] --- quarkus:3.13.3:generate-code (default) @ java-code-assignment ---
[INFO] Generating JAX-RS interfaces and beans from: C:\Users\mural\AppData\Local\Temp\warehouse-openapi.yaml12836789000265347469.json
[INFO] Generating code...
Generating Bean: com.warehouse.api.beans.Warehouse
Adding to zip: com/warehouse/api/beans/Warehouse.java
Generating Interface: com.warehouse.api.WarehouseResource
Adding to zip: com/warehouse/api/WarehouseResource.java

[INFO] Code generated, unpacking the output ZIP.
[INFO] Code successfully generated.
[INFO] 
[INFO] --- compiler:3.11.0:compile (default-compile) @ java-code-assignment ---
[INFO] Changes detected - recompiling the module! :source
[INFO] Compiling 26 source files with javac [debug release 17] to target\classes
[INFO] 
[INFO] --- quarkus:3.13.3:generate-code-tests (default) @ java-code-assignment ---
[INFO] 
[INFO] --- resources:3.3.1:testResources (default-testResources) @ java-code-assignment ---
[INFO] skip non existing resourceDirectory C:\Users\mural\Downloads\fcs-interview-code-assignment-main-20260217T090137Z-1-001\fcs-interview-code-assignment-main\java-assignment\src\test\resources
[INFO] 
[INFO] --- compiler:3.11.0:testCompile (default-testCompile) @ java-code-assignment ---
[INFO] Changes detected - recompiling the module! :dependency
[INFO] Compiling 8 source files with javac [debug release 17] to target\test-classes
[INFO] 
[INFO] --- surefire:3.1.2:test (default-test) @ java-code-assignment ---
[INFO] Using auto detected provider org.apache.maven.surefire.junitplatform.JUnitPlatformProvider
[INFO] 
[INFO] -------------------------------------------------------
[INFO]  T E S T S
[INFO] -------------------------------------------------------
[INFO] Running com.fulfilment.application.monolith.products.ProductEndpointTest
2026-03-04 15:57:47,902 WARN  [io.qua.config] (main) Unrecognized configuration key "quarkus.openapi.generator.spec" was provided; it will be ignored; verify that the dependency extension for this configuration is set or that you did not make a typo
2026-03-04 15:57:47,908 WARN  [io.qua.config] (main) Unrecognized configuration key "quarkus.openapi.generator.base-package" was provided; it will be ignored; verify that the dependency extension for this configuration is set or that you did not make a typo
[Hibernate] 
    drop table if exists Product cascade
[Hibernate] 
    drop table if exists Store cascade
[Hibernate] 
    drop table if exists warehouse cascade
[Hibernate] 
    drop table if exists warehouse_product_store cascade
[Hibernate] 
    drop sequence if exists Product_SEQ
[Hibernate] 
    drop sequence if exists Store_SEQ
[Hibernate] 
    drop sequence if exists warehouse_product_store_SEQ
[Hibernate] 
    drop sequence if exists warehouse_SEQ
[Hibernate] 
    create sequence Product_SEQ start with 1 increment by 50
[Hibernate] 
    create sequence Store_SEQ start with 1 increment by 50
[Hibernate] 
    create sequence warehouse_product_store_SEQ start with 1 increment by 50
[Hibernate] 
    create sequence warehouse_SEQ start with 1 increment by 50
[Hibernate] 
    create table Product (
        price numeric(10,2),
        stock integer not null,
        id bigint not null,
        name varchar(40) unique,
        description varchar(255),
        primary key (id)
    )
[Hibernate] 
    create table Store (
        quantityProductsInStock integer not null,
        id bigint not null,
        name varchar(40) unique,
        primary key (id)
    )
[Hibernate] 
    create table warehouse (
        capacity integer,
        stock integer,
        archivedAt timestamp(6),
        createdAt timestamp(6),
        id bigint not null,
        businessUnitCode varchar(255),
        location varchar(255),
        primary key (id)
    )
[Hibernate] 
    create table warehouse_product_store (
        quantity_available INTEGER DEFAULT 0,
        created_at timestamp(6) not null,
        id bigint not null,
        productId bigint not null,
        storeId bigint not null,
        warehouseId bigint not null,
        primary key (id),
        unique (warehouseId, productId, storeId)
    )
[Hibernate] INSERT INTO store(id, name, quantityProductsInStock) VALUES (1, 'TONSTAD', 10)
[Hibernate] INSERT INTO store(id, name, quantityProductsInStock) VALUES (2, 'KALLAX', 5)
[Hibernate] INSERT INTO store(id, name, quantityProductsInStock) VALUES (3, 'BEST┼', 3)
[Hibernate] ALTER SEQUENCE store_seq RESTART WITH 4
[Hibernate] INSERT INTO product(id, name, stock) VALUES (1, 'TONSTAD', 10)
[Hibernate] INSERT INTO product(id, name, stock) VALUES (2, 'KALLAX', 5)
[Hibernate] INSERT INTO product(id, name, stock) VALUES (3, 'BEST┼', 3)
[Hibernate] ALTER SEQUENCE product_seq RESTART WITH 4
[Hibernate] INSERT INTO warehouse(id, businessUnitCode, location, capacity, stock, createdAt, archivedAt)  VALUES (1, 'MWH.001', 'ZWOLLE-001', 100, 10, '2024-07-01', null)
[Hibernate] INSERT INTO warehouse(id, businessUnitCode, location, capacity, stock, createdAt, archivedAt) VALUES (2, 'MWH.012', 'AMSTERDAM-001', 50, 5, '2023-07-01', null)
[Hibernate] INSERT INTO warehouse(id, businessUnitCode, location, capacity, stock, createdAt, archivedAt) VALUES (3, 'MWH.023', 'TILBURG-001', 30, 27, '2021-02-01', null)
[Hibernate] ALTER SEQUENCE warehouse_seq RESTART WITH 4
2026-03-04 15:57:55,842 INFO  [io.quarkus] (main) java-code-assignment 1.0.0-SNAPSHOT on JVM (powered by Quarkus 3.13.3) started in 17.993s. Listening on: http://localhost:8081
2026-03-04 15:57:55,844 INFO  [io.quarkus] (main) Profile test activated. 
2026-03-04 15:57:55,846 INFO  [io.quarkus] (main) Installed features: [agroal, cdi, hibernate-orm, hibernate-orm-panache, jdbc-postgresql, narayana-jta, rest, rest-jackson, smallrye-context-propagation, vertx]
[Hibernate] 
    select
        p1_0.id,
        p1_0.description,
        p1_0.name,
        p1_0.price,
        p1_0.stock 
    from
        Product p1_0 
    order by
        p1_0.name
[Hibernate] 
    delete 
    from
        Product 
    where
        id=?
[Hibernate] 
    select
        p1_0.id,
        p1_0.description,
        p1_0.name,
        p1_0.price,
        p1_0.stock 
    from
        Product p1_0 
    order by
        p1_0.name
[INFO] Tests run: 1, Failures: 0, Errors: 0, Skipped: 0, Time elapsed: 27.16 s -- in com.fulfilment.application.monolith.products.ProductEndpointTest
[INFO] Running com.fulfilment.application.monolith.fulfillment.CreateFulfillmentUnitUseCaseTest
mvn : OpenJDK 64-Bit Server VM warning: Sharing is only supported for boot loader classes because bootstrap classpath has been appended
At line:1 char:141
+ ... -main\java-assignment"; mvn clean test 2>&1 > test_output.txt; type t ...
+                             ~~~~~~~~~~~~~~~~~~~~~~~~~~~~~~~~~~~~~
    + CategoryInfo          : NotSpecified: (OpenJDK 64-Bit ...s been appended:String) [], RemoteException
    + FullyQualifiedErrorId : NativeCommandError
 
[INFO] Tests run: 14, Failures: 0, Errors: 0, Skipped: 0, Time elapsed: 2.830 s -- in com.fulfilment.application.monolith.fulfillment.CreateFulfillmentUnitUseCaseTest
[INFO] Running com.fulfilment.application.monolith.fulfillment.FulfillmentResourceTest
[INFO] Tests run: 7, Failures: 0, Errors: 0, Skipped: 0, Time elapsed: 0.580 s -- in com.fulfilment.application.monolith.fulfillment.FulfillmentResourceTest
[INFO] Running com.fulfilment.application.monolith.location.LocationGatewayTest
[INFO] Tests run: 9, Failures: 0, Errors: 0, Skipped: 0, Time elapsed: 0.047 s -- in com.fulfilment.application.monolith.location.LocationGatewayTest
[INFO] Running com.fulfilment.application.monolith.warehouses.domain.usecases.ArchiveWarehouseUseCaseTest
[INFO] Tests run: 8, Failures: 0, Errors: 0, Skipped: 0, Time elapsed: 0.178 s -- in com.fulfilment.application.monolith.warehouses.domain.usecases.ArchiveWarehouseUseCaseTest
[INFO] Running com.fulfilment.application.monolith.warehouses.domain.usecases.CreateWarehouseUseCaseTest
[INFO] Tests run: 11, Failures: 0, Errors: 0, Skipped: 0, Time elapsed: 0.077 s -- in com.fulfilment.application.monolith.warehouses.domain.usecases.CreateWarehouseUseCaseTest
[INFO] Running com.fulfilment.application.monolith.warehouses.domain.usecases.ReplaceWarehouseUseCaseTest
[INFO] Tests run: 10, Failures: 0, Errors: 0, Skipped: 0, Time elapsed: 0.066 s -- in com.fulfilment.application.monolith.warehouses.domain.usecases.ReplaceWarehouseUseCaseTest
2026-03-04 15:58:05,389 INFO  [io.quarkus] (main) java-code-assignment stopped in 0.185s
[INFO] 
[INFO] Results:
[INFO] 
[INFO] Tests run: 60, Failures: 0, Errors: 0, Skipped: 0
[INFO] 
[INFO] 
[INFO] --- jacoco:0.8.10:report (report) @ java-code-assignment ---
[INFO] Loading execution data file C:\Users\mural\Downloads\fcs-interview-code-assignment-main-20260217T090137Z-1-001\fcs-interview-code-assignment-main\java-assignment\target\jacoco.exec
[INFO] Analyzed bundle 'java-code-assignment' with 27 classes
[INFO] ------------------------------------------------------------------------
[INFO] BUILD SUCCESS
[INFO] ------------------------------------------------------------------------
[INFO] Total time:  01:15 min
[INFO] Finished at: 2026-03-04T15:58:07+05:30
[INFO] ------------------------------------------------------------------------
